// Jest Snapshot v1, https://goo.gl/fbAQLP

exports[`Take a snapshot should take a snapshot 1`] = `
<DocumentFragment>
  <div
    class="App"
  >
    <h1
      data-testid="custom-element"
    >
      Testing 1
    </h1>
    <form>
      <label
        for="example"
      >
        Example
      </label>
      <input
        id="example"
        placeholder="username"
      />
    </form>
  </div>
</DocumentFragment>
`;
